// Jest Snapshot v1, https://goo.gl/fbAQLP

exports[`Stats Component renders correct Stats and snapshot element <Stats.Loading/> 1`] = `
<styled.div>
  <div
    className="stats__container"
  >
    <div
      className="stats__list"
    >
      <div
        className="stats__list-row"
      >
        <div
          className="stats__list-title"
        >
          <div
            className="stats__list-icon"
          >
            <Skeleton
              circle={false}
              height={30}
              style={Object {}}
              width="100%"
            />
          </div>
          <span>
            <Skeleton
              circle={false}
              height={10}
              style={Object {}}
              width="30px"
            />
          </span>
        </div>
        <div
          className="stats__list-graph"
        />
        <div
          className="stats__list-point"
        >
          <Skeleton
            circle={false}
            height={10}
            style={Object {}}
            width="20px"
          />
        </div>
      </div>
      <div
        className="stats__list-row"
      >
        <div
          className="stats__list-title"
        >
          <div
            className="stats__list-icon"
          >
            <Skeleton
              circle={false}
              height={30}
              style={Object {}}
              width="100%"
            />
          </div>
          <span>
            <Skeleton
              circle={false}
              height={10}
              style={Object {}}
              width="30px"
            />
          </span>
        </div>
        <div
          className="stats__list-graph"
        />
        <div
          className="stats__list-point"
        >
          <Skeleton
            circle={false}
            height={10}
            style={Object {}}
            width="20px"
          />
        </div>
      </div>
      <div
        className="stats__list-row"
      >
        <div
          className="stats__list-title"
        >
          <div
            className="stats__list-icon"
          >
            <Skeleton
              circle={false}
              height={30}
              style={Object {}}
              width="100%"
            />
          </div>
          <span>
            <Skeleton
              circle={false}
              height={10}
              style={Object {}}
              width="30px"
            />
          </span>
        </div>
        <div
          className="stats__list-graph"
        />
        <div
          className="stats__list-point"
        >
          <Skeleton
            circle={false}
            height={10}
            style={Object {}}
            width="20px"
          />
        </div>
      </div>
    </div>
  </div>
</styled.div>
`;

exports[`Stats Component renders correct Stats and snapshot element <Stats/> 1`] = `
<styled.div>
  <div
    className="stats__container"
  >
    <div
      className="stats__list"
    >
      <div
        className="stats__list-row"
        key="speed"
        test-id="stats-speed"
      >
        <div
          className="stats__list-title"
        >
          <div
            className="stats__list-icon"
          >
            <img
              alt=""
              src="ic-speed.png"
            />
          </div>
          <span>
            Speed
          </span>
        </div>
        <div
          className="stats__list-graph"
        >
          <div
            className="
                                            stats__list-graph__percent 
                                            speed
                                        "
            style={
              Object {
                "width": "14.150943396226415%",
              }
            }
          />
        </div>
        <div
          className="stats__list-point"
        >
          45
        </div>
      </div>
      <div
        className="stats__list-row"
        key="special-defense"
        test-id="stats-special-defense"
      >
        <div
          className="stats__list-title"
        >
          <div
            className="stats__list-icon"
          >
            <img
              alt=""
              src="ic-sp-defense.png"
            />
          </div>
          <span>
            Sp.Def
          </span>
        </div>
        <div
          className="stats__list-graph"
        >
          <div
            className="
                                            stats__list-graph__percent 
                                            special-defense
                                        "
            style={
              Object {
                "width": "20.440251572327046%",
              }
            }
          />
        </div>
        <div
          className="stats__list-point"
        >
          65
        </div>
      </div>
      <div
        className="stats__list-row"
        key="special-attack"
        test-id="stats-special-attack"
      >
        <div
          className="stats__list-title"
        >
          <div
            className="stats__list-icon"
          >
            <img
              alt=""
              src="ic-sp-attack.png"
            />
          </div>
          <span>
            Sp.Atk
          </span>
        </div>
        <div
          className="stats__list-graph"
        >
          <div
            className="
                                            stats__list-graph__percent 
                                            special-attack
                                        "
            style={
              Object {
                "width": "20.440251572327046%",
              }
            }
          />
        </div>
        <div
          className="stats__list-point"
        >
          65
        </div>
      </div>
      <div
        className="stats__list-row"
        key="defense"
        test-id="stats-defense"
      >
        <div
          className="stats__list-title"
        >
          <div
            className="stats__list-icon"
          >
            <img
              alt=""
              src="ic-defense.png"
            />
          </div>
          <span>
            Def
          </span>
        </div>
        <div
          className="stats__list-graph"
        >
          <div
            className="
                                            stats__list-graph__percent 
                                            defense
                                        "
            style={
              Object {
                "width": "15.40880503144654%",
              }
            }
          />
        </div>
        <div
          className="stats__list-point"
        >
          49
        </div>
      </div>
      <div
        className="stats__list-row"
        key="attack"
        test-id="stats-attack"
      >
        <div
          className="stats__list-title"
        >
          <div
            className="stats__list-icon"
          >
            <img
              alt=""
              src="ic-attack.png"
            />
          </div>
          <span>
            Attack
          </span>
        </div>
        <div
          className="stats__list-graph"
        >
          <div
            className="
                                            stats__list-graph__percent 
                                            attack
                                        "
            style={
              Object {
                "width": "15.40880503144654%",
              }
            }
          />
        </div>
        <div
          className="stats__list-point"
        >
          49
        </div>
      </div>
      <div
        className="stats__list-row"
        key="hp"
        test-id="stats-hp"
      >
        <div
          className="stats__list-title"
        >
          <div
            className="stats__list-icon"
          >
            <img
              alt=""
              src="ic-health-point.png"
            />
          </div>
          <span>
            HP
          </span>
        </div>
        <div
          className="stats__list-graph"
        >
          <div
            className="
                                            stats__list-graph__percent 
                                            hp
                                        "
            style={
              Object {
                "width": "14.150943396226415%",
              }
            }
          />
        </div>
        <div
          className="stats__list-point"
        >
          45
        </div>
      </div>
    </div>
  </div>
</styled.div>
`;
